*CULTIVAR LIST

@#   FILENAME EXT FILE HEADING
   1 BACER045 CUL CULTIVARS:BACER045                  
   2 BACRP045 CUL CULTIVARS:BACRP045                  
   3 BHGRO045 CUL BAHIA GENOTYPE COEFFICIENTS: CRGRO045 Model
   4 BMGRO045 CUL BERMUDAGRASS GENOTYPE COEFFICIENTS  
   5 BNGRO045 CUL DRYBEAN GENOTYPE COEFFICIENTS: CRGRO045 MODEL
   6 BRGRO045 CUL BRACHIARIA DECUMBENS CULTIVAR COEFFICIENTS: CRGRO045 MODEL
   7 CBGRO045 CUL CABBAGE GENOTYPE COEFFICIENTS: CBGRO045 MODEL
   8 CHGRO045 CUL CHICKPEA CULTIVAR COEFFICIENTS: CRGRO045 MODEL
   9 COGRO045 CUL COTTON CULTIVAR COEFFICIENTS: CRGRO045 MODEL
  10 CPGRO045 CUL COWPEA GENOTYPE COEFFICIENTS: CRGRO045 MODEL
  11 CRGRO045 CUL COWPEA CULTIVAR COEFFICIENTS: CRGRO040 MODEL
  12 CSCRP045 CUL CULTIVARS:CSCRP045                  
  13 FBGRO045 CUL FABA BEAN GENOTYPE COEFFICIENTS: CRGRO045 MODEL
  14 G0GRO045 CUL BAHIA GENOTYPE COEFFICIENTS: CRGRO040 Model
  15 GBGRO045 CUL GREENBEAN GENOTYPE COEFFICIENTS: CRGRO045 MODEL
  16 MLCER045 CUL MILLET CULTIVAR COEFFICIENTS: GECER045 MODEL
  17 MZCER045 CUL MAIZE CULTIVAR COEFFICIENTS: MZCER045 MODEL
  18 MZIXM045 CUL MAIZE CULTIVAR COEFFICIENTS: MZIXM045 MODEL
  19 PIALO980 CUL GENETICS PARAMETER INPUT FILE - PINEAPPLE GENOTYPE COEFFICIENTS
  20 PNGRO045 CUL PEANUT CULTIVAR COEFFICIENTS: CRGRO045 MODEL
  21 PRGRO045 CUL PEPPER GENOTYPE COEFFICIENTS: CRGRO045 MODEL
  22 PTSUB045 CUL POTATO CULTIVAR COEFFICIENTS: PTSUB045 MODEL
  23 RICER045 CUL RICE GENOTYPE COEFFICIENTS: RICER045 MODEL
  24 SBGRO045 CUL SOYBEAN GENOTYPE COEFFICIENTS: CRGRO045 MODEL
  25 SCCAN045 CUL   SUGARCANE model cultivar file     
  26 SCCSP045 CUL SUGARCANE GENOTYPE COEFFICIENTS - SCCSP045 MODEL (CASUPRO)
  27 SGCER045 CUL SORGHUM CULTIVAR COEFFICIENTS: GECER045 MODEL
  28 SUOIL980 CUL SUNFLOWER GENOTYPE COEFFICIENTS - SUOIL980 MODEL
  29 SWCER045 CUL SWEET CORN CULTIVAR COEFFICIENTS: SWCER045 MODEL
  30 TMGRO045 CUL TOMATO CULTIVAR COEFFICIENTS: CRGRO045 MODEL
  31 TNARO045 CUL TANIER CULTIVAR COEFFICIENTS: TRARO045 MODEL
  32 TRARO045 CUL TARO CULTIVAR COEFFICIENTS: TRARO045 MODEL
  33 VBGRO045 CUL VELVETBEAN CULTIVAR COEFFICIENTS: CRGRO045 MODEL
  34 WHCER045 CUL CULTIVARS:WHCER045                  
  35 WHCRP045 CUL CULTIVARS:WHCRP045                  
