*ECOTYPE LIST

@#   FILENAME EXT FILE HEADING
   1 BACER045 ECO ECOTYPES:BACER045                   
   2 BACRP045 ECO ECOTYPES:BACRP045                   
   3 BHGRO045 ECO BAHIA ECOTYPE COEFFICIENTS: CRGRO045 Model 
   4 BMGRO045 ECO BERMUDAGRASS ECOTYPE COEFFICIENTS   
   5 BNGRO045 ECO DRYBEAN ECOTYPE COEFFICIENTS: CRGRO045 MODEL
   6 BRGRO045 ECO BRACHIARIA DECUMBENS ECOTYPE COEFFICIENTS: CRGRO045 MODEL
   7 CBGRO045 ECO CABBAGE ECOTYPE COEFFICIENTS: CRGRO045 MODEL
   8 CHGRO045 ECO CHICKPEA ECOTYPE COEFFICIENTS: CRGRO045 MODEL
   9 COGRO045 ECO COTTON ECOTYPE COEFFICIENTS - CRGRO045 MODEL
  10 CPGRO045 ECO COWPEA ECOTYPE COEFFICIENTS: CRGRO045 MODEL
  11 CSCRP045 ECO ECOTYPES:CSCRP045                   
  12 FBGRO045 ECO FABA BEAN ECOTYPE COEFFICIENTS: CRGRO045 MODEL
  13 G0GRO045 ECO BAHIA ECOTYPE COEFFICIENTS: CRGRO040 Model 
  14 GBGRO045 ECO GREENBEAN ECOTYPE COEFFICIENTS: CRGRO045 MODEL
  15 MLCER045 ECO MILLET ECOTYPE COEFFICIENTS: GECER045 MODEL
  16 MZCER045 ECO MAIZE ECOTYPE COEFFICIENTS: GECER045 MODEL
  17 MZIXM045 ECO MAIZE ECOTYPE COEFFICIENTS: GECER040 MODEL
  18 PNGRO045 ECO PEANUT ECOTYPE COEFFICIENTS: CRGRO045 MODEL
  19 PRGRO045 ECO PEPPER ECOTYPE COEFFICIENTS: CRGRO045 MODEL
  20 SBGRO045 ECO SOYBEAN ECOTYPE COEFFICIENTS: CRGRO045 MODEL
  21 SCCAN045 ECO SUGARCANE GENOTYPE COEFFICIENTS - SCCAN045 MODEL
  22 SCCSP045 ECO SUGARCANE ECOTYPE COEFFICIENTS - SCCSP045 MODEL
  23 SGCER045 ECO SORGHUM ECOTYPE COEFFICIENTS: GECER045 MODEL
  24 SWCER045 ECO SWEET CORN ECOTYPE COEFFICIENTS: SWCER045 MODEL
  25 TMGRO045 ECO TOMATO ECOTYPE COEFFICIENTS: CRGRO045 MODEL
  26 VBGRO045 ECO VELVETBEAN ECOTYPE COEFFICIENTS: CRGRO045 MODEL
  27 WHCER045 ECO ECOTYPES:WHCER045                   
  28 WHCRP045 ECO ECOTYPES:WHCRP045                   
