*SPECIES LIST

@#   FILENAME EXT FILE HEADING
   1 BACER045 SPE SPECIES:BACER045                    
   2 BACRP045 SPE SPECIES:BACRP045                    
   3 BHGRO045 SPE BAHIA SPECIES COEFICIENTS: CRGRO045 Model
   4 BMGRO045 SPE BERMUDAGRASS SPECIES COEFICIENTS                                               
   5 BNGRO045 SPE DRY BEAN SPECIES COEFFICIENTS: CRGRO045 MODEL
   6 BRGRO045 SPE BRACHIARIA DECUMBENS SPECIES COEFICIENTS: CRGRO045 MODEL
   7 CBGRO045 SPE CABBAGE SPECIES COEFICIENTS: CRGRO045 MODEL
   8 CHGRO045 SPE CHICKPEA SPECIES COEFFICIENTS: CRGRO045 MODEL
   9 COGRO045 SPE COTTON SPECIES COEFFICIENTS: CRGRO045 MODEL
  10 CPGRO045 SPE COWPEA SPECIES COEFFICIENTS: CRGRO045 MODEL
  11 CSCRP045 SPE SPECIES:CSCRP045                    
  12 FBGRO045 SPE FABA BEAN SPECIES COEFFICIENTS: CRGRO045 MODEL
  13 G0GRO045 SPE BAHIA SPECIES COEFICIENTS: CRGRO040 Model                                      
  14 GBGRO045 SPE GREENBEAN SPECIES COEFFICIENTS: CRGRO045 MODEL
  15 MLCER045 SPE MILLET SPECIES COEFFICIENTS: GECER045 MODEL
  16 MZCER045 SPE MAIZE SPECIES COEFFICIENTS: MZCER045 MODEL
  17 MZIXM045 SPE MAIZE SPECIES COEFFICIENTS: MZIXM045 MODEL
  18 PIALO980 SPE SPECIES DATA: PINEAPPLE             
  19 PNGRO045 SPE PEANUT SPECIES COEFFICIENTS: CRGRO045 MODEL
  20 PRGRO045 SPE PEPPER SPECIES COEFFICIENTS: CRGRO045 MODEL (Bell Pepper for Bradenton)
  21 PTSUB045 SPE POTATO SPECIES COEFFICIENTS: PTSUB045 MODEL
  22 RICER045 SPE RICE SPECIES COEFFICIENTS: RICER045 MODEL
  23 SBGRO045 SPE SOYBEAN SPECIES COEFFICIENTS: CRGRO045 MODEL
  24 SCCAN045 SPE  Canegro Sugarcane Plant Module SPECIES file
  25 SCCSP045 SPE *SUGARCANE SPECIES COEFFICIENTS - SCCSP045 MODEL
  26 SGCER045 SPE SORGHUM SPECIES COEFFICIENTS: GECER045 MODEL
  27 SUOIL980 SPE SUNFLOWER SPECIES COEFFICIENTS - SUOIL980 MODEL
  28 SWCER045 SPE SWEET CORN SPECIES COEFFICIENTS: SWCER045 MODEL
  29 TMGRO045 SPE TOMATO SPECIES COEFFICIENTS: CRGRO045 MODEL
  30 TNARO045 SPE    10.0  250.0  500.0 150.00   1.56 119.00 TBASE,P8,P9,PHINT,PCGRD,PCINT
  31 TRARO045 SPE    10.0   55.0  100.0 150.00   1.00 120.00 TBASE,P8,P9,PHINT,PCGRD,PCINT
  32 VBGRO045 SPE VELVETBEAN SPECIES COEFICIENTS: CRGRO045 MODEL
  33 WHCER045 SPE SPECIES:WHCER045                    
  34 WHCRP045 SPE SPECIES:WHCRP045                    
